  Steel               SLX  mix   +6.9%RS  dec+0.05  flow$  -2.1M  vol  29%  wt   7%
  Lithium             LIT  mix   +6.3%RS  dec-0.01  flow$  -2.5M  vol  34%  wt   5%
  Copper             COPX   up   +4.9%RS  dec+0.11  flow$ +38.7M  vol  57%  wt   3%
  Rare earth         REMX  mix   +2.0%RS  dec+0.00  flow$  -5.8M  vol  51%  wt   4%
  Metals & mining     XME  mix   -1.9%RS  dec+0.07  flow$ -11.2M  vol  40%  wt   5%
  Solar/transition    TAN  mix   -6.8%RS  dec+0.20  flow$ +21.7M  vol  44%  wt   4%
  Silver miners      SILJ  mix  -11.3%RS  dec+0.22  flow$ +10.1M  vol  62%  wt   3%
  Aluminum             AA  mix  -11.9%RS  dec-0.02  flow$  +4.8M  vol  59%  wt   3%
  Uranium             URA  mix  -14.2%RS  dec+0.06  flow$  +5.6M  vol  57%  wt   3%
  Agriculture         DBA  mix  -14.4%RS  dec+0.31  flow$  -3.8M  vol  11%  wt  17%
  Gold miners        GDXJ  mix  -14.8%RS  dec+0.27  flow$ -40.3M  vol  60%  wt   3%
  Broad commodities   DBC  mix  -17.4%RS  dec+0.24  flow$  +4.1M  vol  23%  wt   8%
  Nat Gas             UNG  mix  -19.7%RS  dec+0.42  flow$  -5.6M  vol  40%  wt   5%
  Energy (broad)      XLE  mix  -22.6%RS  dec-0.36  flow$-215.8M  vol  26%  wt   7%
  Palladium          PALL   dn  -24.9%RS  dec-0.04  flow$  -1.5M  vol  43%  wt   4%
  Oil E&P             XOP  mix  -25.6%RS  dec-0.22  flow$ +57.0M  vol  34%  wt   5%
  Platinum           PPLT  mix  -27.2%RS  dec+0.12  flow$  -2.8M  vol  41%  wt   5%
  Potash/Fertilizer   NTR  mix  -30.5%RS  dec+0.39  flow$  -5.8M  vol  34%  wt   6%
  Coal                BTU   dn  -47.0%RS  dec+0.25  flow$  -3.8M  vol  64%  wt   3%
-> wrote commodity_cockpit.html
📊 Commodity cockpit 2026-06-12: leaders Steel, Lithium, Solar/transition | regime decoupled (-0.20)
  (no changes since last run)
[main c661738] auto: refresh 2026-06-18
 2 files changed, 4 insertions(+), 4 deletions(-)
 create mode 100644 deploy.log
To https://github.com/shoppafund/shoppafund.github.io.git
   13dcc68..c661738  main -> main
> python commodity_cockpit.py --last 2026-06-18
> python cockpit_alerts.py
> git add -A
> git push origin main

Live: https://shoppafund.github.io/  (refreshed 2026-06-18)
  Steel               SLX  mix   +6.9%RS  dec+0.05  flow$  -1.2M  vol  29%  wt   7%
  Lithium             LIT  mix   +6.3%RS  dec-0.01  flow$  -1.1M  vol  34%  wt   5%
  Copper             COPX   up   +4.9%RS  dec+0.11  flow$ -48.1M  vol  57%  wt   3%
  Rare earth         REMX  mix   +2.0%RS  dec+0.00  flow$  -6.5M  vol  51%  wt   4%
  Metals & mining     XME  mix   -1.9%RS  dec+0.07  flow$ -15.4M  vol  40%  wt   5%
  Solar/transition    TAN  mix   -6.8%RS  dec+0.20  flow$ -68.6M  vol  44%  wt   4%
  Silver miners      SILJ  mix  -11.3%RS  dec+0.22  flow$ +10.4M  vol  62%  wt   3%
  Aluminum             AA  mix  -11.9%RS  dec-0.02  flow$  +4.9M  vol  59%  wt   3%
  Uranium             URA  mix  -14.2%RS  dec+0.06  flow$  +4.1M  vol  57%  wt   3%
  Agriculture         DBA  mix  -14.4%RS  dec+0.31  flow$  -3.6M  vol  11%  wt  17%
  Gold miners        GDXJ  mix  -14.8%RS  dec+0.27  flow$ -45.3M  vol  60%  wt   3%
  Broad commodities   DBC  mix  -17.4%RS  dec+0.24  flow$  +1.3M  vol  23%  wt   8%
  Nat Gas             UNG  mix  -19.7%RS  dec+0.42  flow$  -5.8M  vol  40%  wt   5%
  Energy (broad)      XLE  mix  -22.6%RS  dec-0.36  flow$-233.9M  vol  26%  wt   7%
  Palladium          PALL   dn  -24.9%RS  dec-0.04  flow$  -1.1M  vol  43%  wt   4%
  Oil E&P             XOP  mix  -25.6%RS  dec-0.22  flow$ +32.6M  vol  34%  wt   5%
  Platinum           PPLT  mix  -27.2%RS  dec+0.12  flow$  -1.1M  vol  41%  wt   5%
  Potash/Fertilizer   NTR  mix  -30.5%RS  dec+0.39  flow$  -5.4M  vol  34%  wt   6%
  Coal                BTU   dn  -47.0%RS  dec+0.25  flow$  -4.5M  vol  64%  wt   3%
-> wrote commodity_cockpit.html
📊 Commodity cockpit 2026-06-12: leaders Steel, Lithium, Solar/transition | regime decoupled (-0.20)
  (no changes since last run)
warning: in the working copy of 'deploy.log', LF will be replaced by CRLF the next time Git touches it
[main 7b35e38] auto: refresh 2026-06-19
 2 files changed, 36 insertions(+), 3 deletions(-)
To https://github.com/shoppafund/shoppafund.github.io.git
   3c43034..7b35e38  main -> main
> python commodity_cockpit.py --last 2026-06-19
> python cockpit_alerts.py
> git add -A
> git push origin main

Live: https://shoppafund.github.io/  (refreshed 2026-06-19)
  Steel               SLX  mix   +6.9%RS  dec+0.05  flow$  -1.2M  vol  29%  wt   7%
  Lithium             LIT  mix   +6.3%RS  dec-0.01  flow$  -1.1M  vol  34%  wt   5%
  Copper             COPX   up   +4.9%RS  dec+0.11  flow$ -48.1M  vol  57%  wt   3%
  Rare earth         REMX  mix   +2.0%RS  dec+0.00  flow$  -6.5M  vol  51%  wt   4%
  Metals & mining     XME  mix   -1.9%RS  dec+0.07  flow$ -15.4M  vol  40%  wt   5%
  Solar/transition    TAN  mix   -6.8%RS  dec+0.20  flow$ -68.6M  vol  44%  wt   4%
  Silver miners      SILJ  mix  -11.3%RS  dec+0.22  flow$ +10.4M  vol  62%  wt   3%
  Aluminum             AA  mix  -11.9%RS  dec-0.02  flow$  +4.9M  vol  59%  wt   3%
  Uranium             URA  mix  -14.2%RS  dec+0.06  flow$  +4.1M  vol  57%  wt   3%
  Agriculture         DBA  mix  -14.4%RS  dec+0.31  flow$  -3.6M  vol  11%  wt  17%
  Gold miners        GDXJ  mix  -14.8%RS  dec+0.27  flow$ -45.3M  vol  60%  wt   3%
  Broad commodities   DBC  mix  -17.4%RS  dec+0.24  flow$  +1.3M  vol  23%  wt   8%
  Nat Gas             UNG  mix  -19.7%RS  dec+0.42  flow$  -5.8M  vol  40%  wt   5%
  Energy (broad)      XLE  mix  -22.6%RS  dec-0.36  flow$-233.9M  vol  26%  wt   7%
  Palladium          PALL   dn  -24.9%RS  dec-0.04  flow$  -1.1M  vol  43%  wt   4%
  Oil E&P             XOP  mix  -25.6%RS  dec-0.22  flow$ +32.6M  vol  34%  wt   5%
  Platinum           PPLT  mix  -27.2%RS  dec+0.12  flow$  -1.1M  vol  41%  wt   5%
  Potash/Fertilizer   NTR  mix  -30.5%RS  dec+0.39  flow$  -5.4M  vol  34%  wt   6%
  Coal                BTU   dn  -47.0%RS  dec+0.25  flow$  -4.5M  vol  64%  wt   3%
-> wrote commodity_cockpit.html
📊 Commodity cockpit 2026-06-12: leaders Steel, Lithium, Solar/transition | regime decoupled (-0.20)
  (no changes since last run)
warning: in the working copy of 'deploy.log', LF will be replaced by CRLF the next time Git touches it
[main 1d0c97c] auto: refresh 2026-06-19
 1 file changed, 33 insertions(+)
To https://github.com/shoppafund/shoppafund.github.io.git
   03133a4..1d0c97c  main -> main
> python commodity_cockpit.py --last 2026-06-19
> python cockpit_alerts.py
> git add -A
> git push origin main

Live: https://shoppafund.github.io/  (refreshed 2026-06-19)
  Steel               SLX  mix   +6.9%RS  dec+0.05  flow$  -1.2M  vol  29%  wt   7%
  Lithium             LIT  mix   +6.3%RS  dec-0.01  flow$  -1.1M  vol  34%  wt   5%
  Copper             COPX   up   +4.9%RS  dec+0.11  flow$ -48.1M  vol  57%  wt   3%
  Rare earth         REMX  mix   +2.0%RS  dec+0.00  flow$  -6.5M  vol  51%  wt   4%
  Metals & mining     XME  mix   -1.9%RS  dec+0.07  flow$ -15.4M  vol  40%  wt   5%
  Solar/transition    TAN  mix   -6.8%RS  dec+0.20  flow$ -68.6M  vol  44%  wt   4%
  Silver miners      SILJ  mix  -11.3%RS  dec+0.22  flow$ +10.4M  vol  62%  wt   3%
  Aluminum             AA  mix  -11.9%RS  dec-0.02  flow$  +4.9M  vol  59%  wt   3%
  Uranium             URA  mix  -14.2%RS  dec+0.06  flow$  +4.1M  vol  57%  wt   3%
  Agriculture         DBA  mix  -14.4%RS  dec+0.31  flow$  -3.6M  vol  11%  wt  17%
  Gold miners        GDXJ  mix  -14.8%RS  dec+0.27  flow$ -45.3M  vol  60%  wt   3%
  Broad commodities   DBC  mix  -17.4%RS  dec+0.24  flow$  +1.3M  vol  23%  wt   8%
  Nat Gas             UNG  mix  -19.7%RS  dec+0.42  flow$  -5.8M  vol  40%  wt   5%
  Energy (broad)      XLE  mix  -22.6%RS  dec-0.36  flow$-233.9M  vol  26%  wt   7%
  Palladium          PALL   dn  -24.9%RS  dec-0.04  flow$  -1.1M  vol  43%  wt   4%
  Oil E&P             XOP  mix  -25.6%RS  dec-0.22  flow$ +32.6M  vol  34%  wt   5%
  Platinum           PPLT  mix  -27.2%RS  dec+0.12  flow$  -1.1M  vol  41%  wt   5%
  Potash/Fertilizer   NTR  mix  -30.5%RS  dec+0.39  flow$  -5.4M  vol  34%  wt   6%
  Coal                BTU   dn  -47.0%RS  dec+0.25  flow$  -4.5M  vol  64%  wt   3%
-> wrote commodity_cockpit.html
📊 Commodity cockpit 2026-06-12: leaders Steel, Lithium, Solar/transition | regime decoupled (-0.20)
  (no changes since last run)
warning: in the working copy of 'deploy.log', LF will be replaced by CRLF the next time Git touches it
[main d0c40d1] auto: refresh 2026-06-19
 1 file changed, 33 insertions(+)
To https://github.com/shoppafund/shoppafund.github.io.git
   0b95925..d0c40d1  main -> main
> python commodity_cockpit.py --last 2026-06-19
> python cockpit_alerts.py
> git add -A
> git push origin main

Live: https://shoppafund.github.io/  (refreshed 2026-06-19)
  Lithium             LIT  mix   +8.5%RS  dec-0.03  flow$  +4.5M  vol  34%  wt   6%
  Rare earth         REMX  mix   +8.2%RS  dec-0.03  flow$  -7.0M  vol  51%  wt   4%
  Copper             COPX   up   +8.1%RS  dec+0.10  flow$ -55.2M  vol  56%  wt   3%
  Steel               SLX  mix   +7.5%RS  dec+0.04  flow$  -6.9M  vol  28%  wt   7%
  Metals & mining     XME  mix   -1.5%RS  dec+0.06  flow$ -10.6M  vol  39%  wt   5%
  Solar/transition    TAN  mix   -4.0%RS  dec+0.18  flow$ -34.8M  vol  44%  wt   4%
  Silver miners      SILJ  mix   -9.8%RS  dec+0.21  flow$  +2.1M  vol  62%  wt   3%
  Aluminum             AA  mix  -11.4%RS  dec-0.03  flow$ -15.6M  vol  59%  wt   3%
  Gold miners        GDXJ  mix  -13.5%RS  dec+0.26  flow$ -62.1M  vol  59%  wt   3%
  Uranium             URA  mix  -14.0%RS  dec+0.05  flow$  +2.7M  vol  56%  wt   3%
  Agriculture         DBA  mix  -15.5%RS  dec+0.29  flow$ +22.7M  vol  11%  wt  17%
  Nat Gas             UNG  mix  -19.8%RS  dec+0.41  flow$  -6.7M  vol  39%  wt   5%
  Broad commodities   DBC  mix  -20.1%RS  dec+0.26  flow$  +0.8M  vol  23%  wt   8%
  Energy (broad)      XLE  mix  -23.6%RS  dec-0.36  flow$-288.2M  vol  26%  wt   7%
  Palladium          PALL   dn  -25.3%RS  dec-0.04  flow$  -1.3M  vol  43%  wt   4%
  Oil E&P             XOP  mix  -27.3%RS  dec-0.24  flow$ +22.2M  vol  34%  wt   5%
  Platinum           PPLT  mix  -27.7%RS  dec+0.11  flow$  -8.8M  vol  41%  wt   5%
  Potash/Fertilizer   NTR  mix  -31.5%RS  dec+0.40  flow$  -2.7M  vol  34%  wt   5%
  Coal                BTU   dn  -50.1%RS  dec+0.27  flow$  -0.6M  vol  64%  wt   3%
-> wrote commodity_cockpit.html
📊 Commodity cockpit 2026-06-12: leaders Steel, Lithium, Solar/transition | regime decoupled (-0.20)
  (no changes since last run)
warning: in the working copy of 'deploy.log', LF will be replaced by CRLF the next time Git touches it
[main a75f17f] auto: refresh 2026-06-22
 2 files changed, 37 insertions(+), 4 deletions(-)
To https://github.com/shoppafund/shoppafund.github.io.git
   d0c40d1..a75f17f  main -> main
> python commodity_cockpit.py --last 2026-06-22
> python cockpit_alerts.py
> git add -A
> git push origin main

Live: https://shoppafund.github.io/  (refreshed 2026-06-22)
Traceback (most recent call last):
  File "C:\Users\dptay\AppData\Local\Programs\Python\Python313\Lib\site-packages\urllib3\connection.py", line 204, in _new_conn
    sock = connection.create_connection(
        (self._dns_host, self.port),
    ...<2 lines>...
        socket_options=self.socket_options,
    )
  File "C:\Users\dptay\AppData\Local\Programs\Python\Python313\Lib\site-packages\urllib3\util\connection.py", line 60, in create_connection
    for res in socket.getaddrinfo(host, port, family, socket.SOCK_STREAM):
               ~~~~~~~~~~~~~~~~~~^^^^^^^^^^^^^^^^^^^^^^^^^^^^^^^^^^^^^^^^
  File "C:\Users\dptay\AppData\Local\Programs\Python\Python313\Lib\socket.py", line 977, in getaddrinfo
    for res in _socket.getaddrinfo(host, port, family, type, proto, flags):
               ~~~~~~~~~~~~~~~~~~~^^^^^^^^^^^^^^^^^^^^^^^^^^^^^^^^^^^^^^^^
socket.gaierror: [Errno 11001] getaddrinfo failed

The above exception was the direct cause of the following exception:

Traceback (most recent call last):
  File "C:\Users\dptay\AppData\Local\Programs\Python\Python313\Lib\site-packages\urllib3\connectionpool.py", line 787, in urlopen
    response = self._make_request(
        conn,
    ...<10 lines>...
        **response_kw,
    )
  File "C:\Users\dptay\AppData\Local\Programs\Python\Python313\Lib\site-packages\urllib3\connectionpool.py", line 488, in _make_request
    raise new_e
  File "C:\Users\dptay\AppData\Local\Programs\Python\Python313\Lib\site-packages\urllib3\connectionpool.py", line 464, in _make_request
    self._validate_conn(conn)
    ~~~~~~~~~~~~~~~~~~~^^^^^^
  File "C:\Users\dptay\AppData\Local\Programs\Python\Python313\Lib\site-packages\urllib3\connectionpool.py", line 1093, in _validate_conn
    conn.connect()
    ~~~~~~~~~~~~^^
  File "C:\Users\dptay\AppData\Local\Programs\Python\Python313\Lib\site-packages\urllib3\connection.py", line 759, in connect
    self.sock = sock = self._new_conn()
                       ~~~~~~~~~~~~~~^^
  File "C:\Users\dptay\AppData\Local\Programs\Python\Python313\Lib\site-packages\urllib3\connection.py", line 211, in _new_conn
    raise NameResolutionError(self.host, self, e) from e
urllib3.exceptions.NameResolutionError: HTTPSConnection(host='api.massive.com', port=443): Failed to resolve 'api.massive.com' ([Errno 11001] getaddrinfo failed)

The above exception was the direct cause of the following exception:

Traceback (most recent call last):
  File "C:\Users\dptay\AppData\Local\Programs\Python\Python313\Lib\site-packages\requests\adapters.py", line 644, in send
    resp = conn.urlopen(
        method=request.method,
    ...<9 lines>...
        chunked=chunked,
    )
  File "C:\Users\dptay\AppData\Local\Programs\Python\Python313\Lib\site-packages\urllib3\connectionpool.py", line 841, in urlopen
    retries = retries.increment(
        method, url, error=new_e, _pool=self, _stacktrace=sys.exc_info()[2]
    )
  File "C:\Users\dptay\AppData\Local\Programs\Python\Python313\Lib\site-packages\urllib3\util\retry.py", line 535, in increment
    raise MaxRetryError(_pool, url, reason) from reason  # type: ignore[arg-type]
    ^^^^^^^^^^^^^^^^^^^^^^^^^^^^^^^^^^^^^^^^^^^^^^^^^^^
urllib3.exceptions.MaxRetryError: HTTPSConnectionPool(host='api.massive.com', port=443): Max retries exceeded with url: /v2/aggs/ticker/XLE/range/1/day/2025-04-29/2026-06-23?adjusted=true&sort=asc&limit=50000 (Caused by NameResolutionError("HTTPSConnection(host='api.massive.com', port=443): Failed to resolve 'api.massive.com' ([Errno 11001] getaddrinfo failed)"))

During handling of the above exception, another exception occurred:

Traceback (most recent call last):
  File "C:\SHOPPA\Liquidity Print Map\commodity_cockpit.py", line 218, in <module>
    main()
    ~~~~^^
  File "C:\SHOPPA\Liquidity Print Map\commodity_cockpit.py", line 74, in main
    bars = {n: daily_bars(sess, t, start, end_s) for n, t in allt.items()}
               ~~~~~~~~~~^^^^^^^^^^^^^^^^^^^^^^^
  File "C:\SHOPPA\Liquidity Print Map\commodity_cockpit.py", line 43, in daily_bars
    r = sess.get(url, params={"adjusted": "true", "sort": "asc", "limit": 50000}, timeout=30)
  File "C:\Users\dptay\AppData\Local\Programs\Python\Python313\Lib\site-packages\requests\sessions.py", line 602, in get
    return self.request("GET", url, **kwargs)
           ~~~~~~~~~~~~^^^^^^^^^^^^^^^^^^^^^^
  File "C:\Users\dptay\AppData\Local\Programs\Python\Python313\Lib\site-packages\requests\sessions.py", line 589, in request
    resp = self.send(prep, **send_kwargs)
  File "C:\Users\dptay\AppData\Local\Programs\Python\Python313\Lib\site-packages\requests\sessions.py", line 703, in send
    r = adapter.send(request, **kwargs)
  File "C:\Users\dptay\AppData\Local\Programs\Python\Python313\Lib\site-packages\requests\adapters.py", line 677, in send
    raise ConnectionError(e, request=request)
requests.exceptions.ConnectionError: HTTPSConnectionPool(host='api.massive.com', port=443): Max retries exceeded with url: /v2/aggs/ticker/XLE/range/1/day/2025-04-29/2026-06-23?adjusted=true&sort=asc&limit=50000 (Caused by NameResolutionError("HTTPSConnection(host='api.massive.com', port=443): Failed to resolve 'api.massive.com' ([Errno 11001] getaddrinfo failed)"))
> python commodity_cockpit.py --last 2026-06-23
Traceback (most recent call last):
  File "C:\SHOPPA\shoppafund-site\deploy.py", line 59, in <module>
    main()
    ~~~~^^
  File "C:\SHOPPA\shoppafund-site\deploy.py", line 37, in main
    run(["python", "commodity_cockpit.py", "--last", last], LP)
    ~~~^^^^^^^^^^^^^^^^^^^^^^^^^^^^^^^^^^^^^^^^^^^^^^^^^^^^^^^^
  File "C:\SHOPPA\shoppafund-site\deploy.py", line 31, in run
    return subprocess.run(cmd, cwd=cwd, check=check)
           ~~~~~~~~~~~~~~^^^^^^^^^^^^^^^^^^^^^^^^^^^
  File "C:\Users\dptay\AppData\Local\Programs\Python\Python313\Lib\subprocess.py", line 577, in run
    raise CalledProcessError(retcode, process.args,
                             output=stdout, stderr=stderr)
subprocess.CalledProcessError: Command '['python', 'commodity_cockpit.py', '--last', '2026-06-23']' returned non-zero exit status 1.
  Steel               SLX  mix   +0.2%RS  dec+0.08  flow$ -14.2M  vol  28%  wt   6%
  Lithium             LIT  mix   -0.7%RS  dec+0.10  flow$  -1.4M  vol  34%  wt   5%
  Rare earth         REMX  mix   -5.1%RS  dec+0.07  flow$  -2.1M  vol  51%  wt   4%
  Solar/transition    TAN  mix   -7.3%RS  dec+0.18  flow$ +28.0M  vol  45%  wt   4%
  Copper             COPX  mix   -8.6%RS  dec+0.14  flow$ -55.7M  vol  57%  wt   3%
  Metals & mining     XME  mix  -11.9%RS  dec+0.17  flow$  +0.5M  vol  40%  wt   5%
  Nat Gas             UNG  mix  -12.3%RS  dec+0.49  flow$  -4.9M  vol  38%  wt   5%
  Agriculture         DBA  mix  -13.5%RS  dec+0.28  flow$ +14.4M  vol  11%  wt  17%
  Broad commodities   DBC  mix  -18.6%RS  dec+0.43  flow$  +0.1M  vol  21%  wt   9%
  Uranium             URA  mix  -19.5%RS  dec+0.10  flow$  -3.8M  vol  56%  wt   3%
  Aluminum             AA  mix  -20.0%RS  dec+0.07  flow$ -19.0M  vol  61%  wt   3%
  Silver miners      SILJ  mix  -23.0%RS  dec+0.35  flow$ -21.1M  vol  63%  wt   3%
  Energy (broad)      XLE  mix  -24.2%RS  dec-0.13  flow$-267.2M  vol  26%  wt   7%
  Gold miners        GDXJ  mix  -24.7%RS  dec+0.38  flow$ -21.8M  vol  60%  wt   3%
  Oil E&P             XOP  mix  -27.4%RS  dec-0.04  flow$ -23.3M  vol  33%  wt   6%
  Platinum           PPLT  mix  -29.4%RS  dec+0.17  flow$ -12.0M  vol  42%  wt   4%
  Palladium          PALL   dn  -29.9%RS  dec+0.04  flow$  -0.2M  vol  44%  wt   4%
  Potash/Fertilizer   NTR  mix  -33.7%RS  dec+0.45  flow$  +2.3M  vol  32%  wt   6%
  Coal                BTU   dn  -51.3%RS  dec+0.40  flow$  -2.1M  vol  62%  wt   3%
-> wrote commodity_cockpit.html
📊 Commodity cockpit 2026-06-12: leaders Steel, Lithium, Solar/transition | regime decoupled (-0.20)
  (no changes since last run)
warning: in the working copy of 'deploy.log', LF will be replaced by CRLF the next time Git touches it
[main e8d044a] auto: refresh 2026-06-24
 2 files changed, 130 insertions(+), 4 deletions(-)
To https://github.com/shoppafund/shoppafund.github.io.git
   3aee637..e8d044a  main -> main
> python commodity_cockpit.py --last 2026-06-24
> python cockpit_alerts.py
> git add -A
> git push origin main

Live: https://shoppafund.github.io/  (refreshed 2026-06-24)
  Steel               SLX  mix   -1.1%RS  dec+0.02  flow$ -13.0M  vol  29%  wt   6%
  Lithium             LIT  mix   -5.1%RS  dec+0.12  flow$  -3.2M  vol  34%  wt   5%
  Copper             COPX  mix   -5.5%RS  dec+0.06  flow$ -19.8M  vol  55%  wt   3%
  Metals & mining     XME  mix  -10.1%RS  dec+0.07  flow$  +5.8M  vol  40%  wt   5%
  Solar/transition    TAN  mix  -10.1%RS  dec+0.09  flow$ +20.7M  vol  44%  wt   4%
  Rare earth         REMX  mix  -10.7%RS  dec+0.11  flow$  -4.2M  vol  49%  wt   4%
  Nat Gas             UNG  mix  -12.8%RS  dec+0.35  flow$  -2.4M  vol  38%  wt   5%
  Agriculture         DBA  mix  -14.1%RS  dec+0.10  flow$ +23.1M  vol  11%  wt  16%
  Silver miners      SILJ  mix  -15.1%RS  dec+0.19  flow$ -17.4M  vol  62%  wt   3%
  Gold miners        GDXJ   dn  -18.3%RS  dec+0.21  flow$  -8.7M  vol  58%  wt   3%
  Aluminum             AA  mix  -19.1%RS  dec+0.02  flow$ -19.1M  vol  60%  wt   3%
  Broad commodities   DBC  mix  -19.6%RS  dec+0.49  flow$  -3.6M  vol  22%  wt   8%
  Uranium             URA  mix  -19.7%RS  dec+0.06  flow$ -11.3M  vol  55%  wt   3%
  Palladium          PALL   dn  -23.0%RS  dec-0.07  flow$  +2.2M  vol  43%  wt   4%
  Platinum           PPLT  mix  -23.7%RS  dec+0.08  flow$ -11.2M  vol  41%  wt   5%
  Energy (broad)      XLE  mix  -25.5%RS  dec-0.03  flow$-143.4M  vol  25%  wt   7%
  Oil E&P             XOP  mix  -29.5%RS  dec+0.08  flow$ -36.8M  vol  33%  wt   6%
  Potash/Fertilizer   NTR  mix  -30.3%RS  dec+0.48  flow$  +0.3M  vol  31%  wt   6%
  Coal                BTU   dn  -50.2%RS  dec+0.55  flow$  -1.6M  vol  62%  wt   3%
-> wrote commodity_cockpit.html
📊 Commodity cockpit 2026-06-12: leaders Steel, Lithium, Solar/transition | regime decoupled (-0.20)
  (no changes since last run)
warning: in the working copy of 'deploy.log', LF will be replaced by CRLF the next time Git touches it
warning: in the working copy of 'index.html.bak_20260628_140143', LF will be replaced by CRLF the next time Git touches it
warning: in the working copy of 'index.html.bak_20260628_141301', LF will be replaced by CRLF the next time Git touches it
warning: in the working copy of 'index.html.bak_20260628_141952', LF will be replaced by CRLF the next time Git touches it
warning: in the working copy of 'index.html.bak_20260628_143702', LF will be replaced by CRLF the next time Git touches it
warning: in the working copy of 'index.html.bak_20260628_145520', LF will be replaced by CRLF the next time Git touches it
warning: in the working copy of 'index.html.bak_20260628_152509', LF will be replaced by CRLF the next time Git touches it
warning: in the working copy of 'index.html.bak_20260628_153555', LF will be replaced by CRLF the next time Git touches it
warning: in the working copy of 'index.html.bak_20260628_154804', LF will be replaced by CRLF the next time Git touches it
warning: in the working copy of 'index.html.bak_20260628_155120', LF will be replaced by CRLF the next time Git touches it
warning: in the working copy of 'index.html.bak_20260628_160615', LF will be replaced by CRLF the next time Git touches it
[main 6b3df24] auto: refresh 2026-06-26
 12 files changed, 4058 insertions(+), 4 deletions(-)
 create mode 100644 index.html.bak_20260628_140143
 create mode 100644 index.html.bak_20260628_141301
 create mode 100644 index.html.bak_20260628_141952
 create mode 100644 index.html.bak_20260628_143702
 create mode 100644 index.html.bak_20260628_145520
 create mode 100644 index.html.bak_20260628_152509
 create mode 100644 index.html.bak_20260628_153555
 create mode 100644 index.html.bak_20260628_154804
 create mode 100644 index.html.bak_20260628_155120
 create mode 100644 index.html.bak_20260628_160615
To https://github.com/shoppafund/shoppafund.github.io.git
   d4ebb09..6b3df24  main -> main
> python commodity_cockpit.py --last 2026-06-26
> python cockpit_alerts.py
> git add -A
> git push origin main

Live: https://shoppafund.github.io/  (refreshed 2026-06-26)
Traceback (most recent call last):
  File "C:\Users\dptay\AppData\Local\Programs\Python\Python313\Lib\site-packages\urllib3\connection.py", line 204, in _new_conn
    sock = connection.create_connection(
        (self._dns_host, self.port),
    ...<2 lines>...
        socket_options=self.socket_options,
    )
  File "C:\Users\dptay\AppData\Local\Programs\Python\Python313\Lib\site-packages\urllib3\util\connection.py", line 60, in create_connection
    for res in socket.getaddrinfo(host, port, family, socket.SOCK_STREAM):
               ~~~~~~~~~~~~~~~~~~^^^^^^^^^^^^^^^^^^^^^^^^^^^^^^^^^^^^^^^^
  File "C:\Users\dptay\AppData\Local\Programs\Python\Python313\Lib\socket.py", line 977, in getaddrinfo
    for res in _socket.getaddrinfo(host, port, family, type, proto, flags):
               ~~~~~~~~~~~~~~~~~~~^^^^^^^^^^^^^^^^^^^^^^^^^^^^^^^^^^^^^^^^
socket.gaierror: [Errno 11001] getaddrinfo failed

The above exception was the direct cause of the following exception:

Traceback (most recent call last):
  File "C:\Users\dptay\AppData\Local\Programs\Python\Python313\Lib\site-packages\urllib3\connectionpool.py", line 787, in urlopen
    response = self._make_request(
        conn,
    ...<10 lines>...
        **response_kw,
    )
  File "C:\Users\dptay\AppData\Local\Programs\Python\Python313\Lib\site-packages\urllib3\connectionpool.py", line 488, in _make_request
    raise new_e
  File "C:\Users\dptay\AppData\Local\Programs\Python\Python313\Lib\site-packages\urllib3\connectionpool.py", line 464, in _make_request
    self._validate_conn(conn)
    ~~~~~~~~~~~~~~~~~~~^^^^^^
  File "C:\Users\dptay\AppData\Local\Programs\Python\Python313\Lib\site-packages\urllib3\connectionpool.py", line 1093, in _validate_conn
    conn.connect()
    ~~~~~~~~~~~~^^
  File "C:\Users\dptay\AppData\Local\Programs\Python\Python313\Lib\site-packages\urllib3\connection.py", line 759, in connect
    self.sock = sock = self._new_conn()
                       ~~~~~~~~~~~~~~^^
  File "C:\Users\dptay\AppData\Local\Programs\Python\Python313\Lib\site-packages\urllib3\connection.py", line 211, in _new_conn
    raise NameResolutionError(self.host, self, e) from e
urllib3.exceptions.NameResolutionError: HTTPSConnection(host='api.massive.com', port=443): Failed to resolve 'api.massive.com' ([Errno 11001] getaddrinfo failed)

The above exception was the direct cause of the following exception:

Traceback (most recent call last):
  File "C:\Users\dptay\AppData\Local\Programs\Python\Python313\Lib\site-packages\requests\adapters.py", line 644, in send
    resp = conn.urlopen(
        method=request.method,
    ...<9 lines>...
        chunked=chunked,
    )
  File "C:\Users\dptay\AppData\Local\Programs\Python\Python313\Lib\site-packages\urllib3\connectionpool.py", line 841, in urlopen
    retries = retries.increment(
        method, url, error=new_e, _pool=self, _stacktrace=sys.exc_info()[2]
    )
  File "C:\Users\dptay\AppData\Local\Programs\Python\Python313\Lib\site-packages\urllib3\util\retry.py", line 535, in increment
    raise MaxRetryError(_pool, url, reason) from reason  # type: ignore[arg-type]
    ^^^^^^^^^^^^^^^^^^^^^^^^^^^^^^^^^^^^^^^^^^^^^^^^^^^
urllib3.exceptions.MaxRetryError: HTTPSConnectionPool(host='api.massive.com', port=443): Max retries exceeded with url: /v2/aggs/ticker/XLE/range/1/day/2025-05-06/2026-06-30?adjusted=true&sort=asc&limit=50000 (Caused by NameResolutionError("HTTPSConnection(host='api.massive.com', port=443): Failed to resolve 'api.massive.com' ([Errno 11001] getaddrinfo failed)"))

During handling of the above exception, another exception occurred:

Traceback (most recent call last):
  File "C:\SHOPPA\Liquidity Print Map\commodity_cockpit.py", line 218, in <module>
    main()
    ~~~~^^
  File "C:\SHOPPA\Liquidity Print Map\commodity_cockpit.py", line 74, in main
    bars = {n: daily_bars(sess, t, start, end_s) for n, t in allt.items()}
               ~~~~~~~~~~^^^^^^^^^^^^^^^^^^^^^^^
  File "C:\SHOPPA\Liquidity Print Map\commodity_cockpit.py", line 43, in daily_bars
    r = sess.get(url, params={"adjusted": "true", "sort": "asc", "limit": 50000}, timeout=30)
  File "C:\Users\dptay\AppData\Local\Programs\Python\Python313\Lib\site-packages\requests\sessions.py", line 602, in get
    return self.request("GET", url, **kwargs)
           ~~~~~~~~~~~~^^^^^^^^^^^^^^^^^^^^^^
  File "C:\Users\dptay\AppData\Local\Programs\Python\Python313\Lib\site-packages\requests\sessions.py", line 589, in request
    resp = self.send(prep, **send_kwargs)
  File "C:\Users\dptay\AppData\Local\Programs\Python\Python313\Lib\site-packages\requests\sessions.py", line 703, in send
    r = adapter.send(request, **kwargs)
  File "C:\Users\dptay\AppData\Local\Programs\Python\Python313\Lib\site-packages\requests\adapters.py", line 677, in send
    raise ConnectionError(e, request=request)
requests.exceptions.ConnectionError: HTTPSConnectionPool(host='api.massive.com', port=443): Max retries exceeded with url: /v2/aggs/ticker/XLE/range/1/day/2025-05-06/2026-06-30?adjusted=true&sort=asc&limit=50000 (Caused by NameResolutionError("HTTPSConnection(host='api.massive.com', port=443): Failed to resolve 'api.massive.com' ([Errno 11001] getaddrinfo failed)"))
> python commodity_cockpit.py --last 2026-06-30
Traceback (most recent call last):
  File "C:\SHOPPA\shoppafund-site\deploy.py", line 59, in <module>
    main()
    ~~~~^^
  File "C:\SHOPPA\shoppafund-site\deploy.py", line 37, in main
    run(["python", "commodity_cockpit.py", "--last", last], LP)
    ~~~^^^^^^^^^^^^^^^^^^^^^^^^^^^^^^^^^^^^^^^^^^^^^^^^^^^^^^^^
  File "C:\SHOPPA\shoppafund-site\deploy.py", line 31, in run
    return subprocess.run(cmd, cwd=cwd, check=check)
           ~~~~~~~~~~~~~~^^^^^^^^^^^^^^^^^^^^^^^^^^^
  File "C:\Users\dptay\AppData\Local\Programs\Python\Python313\Lib\subprocess.py", line 577, in run
    raise CalledProcessError(retcode, process.args,
                             output=stdout, stderr=stderr)
subprocess.CalledProcessError: Command '['python', 'commodity_cockpit.py', '--last', '2026-06-30']' returned non-zero exit status 1.
  Steel               SLX  mix   -9.2%RS  dec-0.03  flow$  -0.1M  vol  28%  wt   6%
  Lithium             LIT  mix   -9.8%RS  dec+0.20  flow$  +0.3M  vol  34%  wt   5%
  Solar/transition    TAN  mix  -10.9%RS  dec+0.14  flow$ +13.7M  vol  43%  wt   4%
  Rare earth         REMX  mix  -15.1%RS  dec+0.16  flow$  -2.2M  vol  49%  wt   4%
  Copper             COPX  mix  -16.1%RS  dec+0.06  flow$  +0.2M  vol  53%  wt   3%
  Agriculture         DBA  mix  -16.4%RS  dec+0.11  flow$ -36.6M  vol  12%  wt  15%
  Nat Gas             UNG  mix  -16.5%RS  dec+0.34  flow$  -4.1M  vol  38%  wt   5%
  Metals & mining     XME  mix  -18.1%RS  dec+0.02  flow$ -23.0M  vol  39%  wt   5%
  Broad commodities   DBC  mix  -23.3%RS  dec+0.62  flow$ -28.9M  vol  21%  wt   9%
  Uranium             URA  mix  -25.5%RS  dec+0.05  flow$  -7.8M  vol  53%  wt   3%
  Silver miners      SILJ  mix  -27.5%RS  dec+0.17  flow$  -0.5M  vol  58%  wt   3%
  Energy (broad)      XLE  mix  -28.5%RS  dec+0.03  flow$-281.6M  vol  25%  wt   7%
  Oil E&P             XOP  mix  -30.1%RS  dec+0.20  flow$  +4.7M  vol  33%  wt   6%
  Potash/Fertilizer   NTR  mix  -30.4%RS  dec+0.58  flow$  -8.6M  vol  31%  wt   6%
  Palladium          PALL   dn  -32.9%RS  dec+0.01  flow$  +1.3M  vol  41%  wt   4%
  Gold miners        GDXJ   dn  -33.0%RS  dec+0.16  flow$  +5.4M  vol  55%  wt   3%
  Platinum           PPLT   dn  -34.5%RS  dec+0.05  flow$  +1.2M  vol  40%  wt   5%
  Aluminum             AA  mix  -43.1%RS  dec-0.04  flow$  +1.4M  vol  60%  wt   3%
  Coal                BTU   dn  -47.3%RS  dec+0.51  flow$  -0.5M  vol  57%  wt   3%
-> wrote commodity_cockpit.html
📊 Commodity cockpit 2026-06-12: leaders Steel, Lithium, Solar/transition | regime decoupled (-0.20)
  (no changes since last run)
warning: in the working copy of 'deploy.log', LF will be replaced by CRLF the next time Git touches it
[main dd49bd1] auto: refresh 2026-07-01
 2 files changed, 150 insertions(+), 4 deletions(-)
To https://github.com/shoppafund/shoppafund.github.io.git
   6b3df24..dd49bd1  main -> main
> python commodity_cockpit.py --last 2026-07-01
> python cockpit_alerts.py
> git add -A
> git push origin main

Live: https://shoppafund.github.io/  (refreshed 2026-07-01)
  Steel               SLX  mix   -8.3%RS  dec-0.08  flow$  -0.4M  vol  28%  wt   6%
  Lithium             LIT  mix  -10.9%RS  dec+0.17  flow$  -4.9M  vol  34%  wt   5%
  Nat Gas             UNG  mix  -12.3%RS  dec+0.40  flow$  -4.0M  vol  37%  wt   5%
  Solar/transition    TAN  mix  -13.6%RS  dec+0.12  flow$  +7.9M  vol  43%  wt   4%
  Agriculture         DBA  mix  -15.0%RS  dec+0.15  flow$ -45.7M  vol  12%  wt  15%
  Copper             COPX  mix  -15.6%RS  dec+0.01  flow$ -16.5M  vol  53%  wt   3%
  Rare earth         REMX  mix  -15.7%RS  dec+0.12  flow$  +0.3M  vol  49%  wt   4%
  Metals & mining     XME  mix  -18.0%RS  dec-0.00  flow$ -18.4M  vol  39%  wt   5%
  Broad commodities   DBC  mix  -21.0%RS  dec+0.65  flow$ -30.0M  vol  21%  wt   9%
  Energy (broad)      XLE  mix  -23.4%RS  dec+0.05  flow$-328.2M  vol  24%  wt   7%
  Oil E&P             XOP  mix  -25.2%RS  dec+0.27  flow$ +18.2M  vol  32%  wt   6%
  Uranium             URA   dn  -25.9%RS  dec+0.05  flow$ -10.2M  vol  53%  wt   3%
  Potash/Fertilizer   NTR  mix  -26.4%RS  dec+0.55  flow$  -8.5M  vol  31%  wt   6%
  Silver miners      SILJ  mix  -26.9%RS  dec+0.13  flow$  -0.6M  vol  58%  wt   3%
  Palladium          PALL   dn  -28.6%RS  dec-0.05  flow$  -1.0M  vol  42%  wt   4%
  Platinum           PPLT   dn  -31.2%RS  dec+0.00  flow$  +1.6M  vol  41%  wt   4%
  Gold miners        GDXJ   dn  -31.5%RS  dec+0.08  flow$  +3.1M  vol  55%  wt   3%
  Coal                BTU   dn  -45.8%RS  dec+0.53  flow$  -1.6M  vol  57%  wt   3%
  Aluminum             AA  mix  -46.1%RS  dec-0.02  flow$  +7.4M  vol  57%  wt   3%
-> wrote commodity_cockpit.html
📊 Commodity cockpit 2026-06-12: leaders Steel, Lithium, Solar/transition | regime decoupled (-0.20)
  (no changes since last run)
warning: in the working copy of 'deploy.log', LF will be replaced by CRLF the next time Git touches it
[main 3eeb17e] auto: refresh 2026-07-02
 2 files changed, 37 insertions(+), 4 deletions(-)
To https://github.com/shoppafund/shoppafund.github.io.git
   dd49bd1..3eeb17e  main -> main
> python commodity_cockpit.py --last 2026-07-02
> python cockpit_alerts.py
> git add -A
> git push origin main

Live: https://shoppafund.github.io/  (refreshed 2026-07-02)
  Steel               SLX  mix   -8.3%RS  dec-0.08  flow$  -0.2M  vol  28%  wt   6%
  Lithium             LIT  mix  -10.9%RS  dec+0.17  flow$  -3.9M  vol  34%  wt   5%
  Nat Gas             UNG  mix  -12.3%RS  dec+0.40  flow$  -2.4M  vol  37%  wt   5%
  Solar/transition    TAN  mix  -13.6%RS  dec+0.12  flow$ +15.5M  vol  43%  wt   4%
  Agriculture         DBA  mix  -15.0%RS  dec+0.15  flow$ -45.8M  vol  12%  wt  15%
  Copper             COPX  mix  -15.6%RS  dec+0.01  flow$  -7.5M  vol  53%  wt   3%
  Rare earth         REMX  mix  -15.7%RS  dec+0.12  flow$  -0.2M  vol  49%  wt   4%
  Metals & mining     XME  mix  -18.0%RS  dec-0.00  flow$ -20.0M  vol  39%  wt   5%
  Broad commodities   DBC  mix  -21.0%RS  dec+0.65  flow$ -29.0M  vol  21%  wt   9%
  Energy (broad)      XLE  mix  -23.4%RS  dec+0.05  flow$-320.1M  vol  24%  wt   7%
  Oil E&P             XOP  mix  -25.2%RS  dec+0.27  flow$ +15.2M  vol  32%  wt   6%
  Uranium             URA   dn  -25.9%RS  dec+0.05  flow$  -9.4M  vol  53%  wt   3%
  Potash/Fertilizer   NTR  mix  -26.4%RS  dec+0.55  flow$  -7.2M  vol  31%  wt   6%
  Silver miners      SILJ  mix  -26.9%RS  dec+0.13  flow$  -0.1M  vol  58%  wt   3%
  Palladium          PALL   dn  -28.6%RS  dec-0.05  flow$  -0.3M  vol  42%  wt   4%
  Platinum           PPLT   dn  -31.2%RS  dec+0.00  flow$  +1.2M  vol  41%  wt   4%
  Gold miners        GDXJ   dn  -31.5%RS  dec+0.08  flow$  -2.7M  vol  55%  wt   3%
  Coal                BTU   dn  -45.8%RS  dec+0.53  flow$  -0.7M  vol  57%  wt   3%
  Aluminum             AA  mix  -46.1%RS  dec-0.02  flow$  +8.7M  vol  57%  wt   3%
-> wrote commodity_cockpit.html
📊 Commodity cockpit 2026-06-12: leaders Steel, Lithium, Solar/transition | regime decoupled (-0.20)
  (no changes since last run)
warning: in the working copy of 'deploy.log', LF will be replaced by CRLF the next time Git touches it
[main 87be5db] auto: refresh 2026-07-03
 2 files changed, 36 insertions(+), 3 deletions(-)
To https://github.com/shoppafund/shoppafund.github.io.git
   3eeb17e..87be5db  main -> main
> python commodity_cockpit.py --last 2026-07-03
> python cockpit_alerts.py
> git add -A
> git push origin main

Live: https://shoppafund.github.io/  (refreshed 2026-07-03)
Traceback (most recent call last):
  File "C:\Users\dptay\AppData\Local\Programs\Python\Python313\Lib\site-packages\urllib3\connection.py", line 204, in _new_conn
    sock = connection.create_connection(
        (self._dns_host, self.port),
    ...<2 lines>...
        socket_options=self.socket_options,
    )
  File "C:\Users\dptay\AppData\Local\Programs\Python\Python313\Lib\site-packages\urllib3\util\connection.py", line 60, in create_connection
    for res in socket.getaddrinfo(host, port, family, socket.SOCK_STREAM):
               ~~~~~~~~~~~~~~~~~~^^^^^^^^^^^^^^^^^^^^^^^^^^^^^^^^^^^^^^^^
  File "C:\Users\dptay\AppData\Local\Programs\Python\Python313\Lib\socket.py", line 977, in getaddrinfo
    for res in _socket.getaddrinfo(host, port, family, type, proto, flags):
               ~~~~~~~~~~~~~~~~~~~^^^^^^^^^^^^^^^^^^^^^^^^^^^^^^^^^^^^^^^^
socket.gaierror: [Errno 11001] getaddrinfo failed

The above exception was the direct cause of the following exception:

Traceback (most recent call last):
  File "C:\Users\dptay\AppData\Local\Programs\Python\Python313\Lib\site-packages\urllib3\connectionpool.py", line 787, in urlopen
    response = self._make_request(
        conn,
    ...<10 lines>...
        **response_kw,
    )
  File "C:\Users\dptay\AppData\Local\Programs\Python\Python313\Lib\site-packages\urllib3\connectionpool.py", line 488, in _make_request
    raise new_e
  File "C:\Users\dptay\AppData\Local\Programs\Python\Python313\Lib\site-packages\urllib3\connectionpool.py", line 464, in _make_request
    self._validate_conn(conn)
    ~~~~~~~~~~~~~~~~~~~^^^^^^
  File "C:\Users\dptay\AppData\Local\Programs\Python\Python313\Lib\site-packages\urllib3\connectionpool.py", line 1093, in _validate_conn
    conn.connect()
    ~~~~~~~~~~~~^^
  File "C:\Users\dptay\AppData\Local\Programs\Python\Python313\Lib\site-packages\urllib3\connection.py", line 759, in connect
    self.sock = sock = self._new_conn()
                       ~~~~~~~~~~~~~~^^
  File "C:\Users\dptay\AppData\Local\Programs\Python\Python313\Lib\site-packages\urllib3\connection.py", line 211, in _new_conn
    raise NameResolutionError(self.host, self, e) from e
urllib3.exceptions.NameResolutionError: HTTPSConnection(host='api.massive.com', port=443): Failed to resolve 'api.massive.com' ([Errno 11001] getaddrinfo failed)

The above exception was the direct cause of the following exception:

Traceback (most recent call last):
  File "C:\Users\dptay\AppData\Local\Programs\Python\Python313\Lib\site-packages\requests\adapters.py", line 644, in send
    resp = conn.urlopen(
        method=request.method,
    ...<9 lines>...
        chunked=chunked,
    )
  File "C:\Users\dptay\AppData\Local\Programs\Python\Python313\Lib\site-packages\urllib3\connectionpool.py", line 841, in urlopen
    retries = retries.increment(
        method, url, error=new_e, _pool=self, _stacktrace=sys.exc_info()[2]
    )
  File "C:\Users\dptay\AppData\Local\Programs\Python\Python313\Lib\site-packages\urllib3\util\retry.py", line 535, in increment
    raise MaxRetryError(_pool, url, reason) from reason  # type: ignore[arg-type]
    ^^^^^^^^^^^^^^^^^^^^^^^^^^^^^^^^^^^^^^^^^^^^^^^^^^^
urllib3.exceptions.MaxRetryError: HTTPSConnectionPool(host='api.massive.com', port=443): Max retries exceeded with url: /v2/aggs/ticker/XLE/range/1/day/2025-05-09/2026-07-03?adjusted=true&sort=asc&limit=50000 (Caused by NameResolutionError("HTTPSConnection(host='api.massive.com', port=443): Failed to resolve 'api.massive.com' ([Errno 11001] getaddrinfo failed)"))

During handling of the above exception, another exception occurred:

Traceback (most recent call last):
  File "C:\SHOPPA\Liquidity Print Map\commodity_cockpit.py", line 218, in <module>
    main()
    ~~~~^^
  File "C:\SHOPPA\Liquidity Print Map\commodity_cockpit.py", line 74, in main
    bars = {n: daily_bars(sess, t, start, end_s) for n, t in allt.items()}
               ~~~~~~~~~~^^^^^^^^^^^^^^^^^^^^^^^
  File "C:\SHOPPA\Liquidity Print Map\commodity_cockpit.py", line 43, in daily_bars
    r = sess.get(url, params={"adjusted": "true", "sort": "asc", "limit": 50000}, timeout=30)
  File "C:\Users\dptay\AppData\Local\Programs\Python\Python313\Lib\site-packages\requests\sessions.py", line 602, in get
    return self.request("GET", url, **kwargs)
           ~~~~~~~~~~~~^^^^^^^^^^^^^^^^^^^^^^
  File "C:\Users\dptay\AppData\Local\Programs\Python\Python313\Lib\site-packages\requests\sessions.py", line 589, in request
    resp = self.send(prep, **send_kwargs)
  File "C:\Users\dptay\AppData\Local\Programs\Python\Python313\Lib\site-packages\requests\sessions.py", line 703, in send
    r = adapter.send(request, **kwargs)
  File "C:\Users\dptay\AppData\Local\Programs\Python\Python313\Lib\site-packages\requests\adapters.py", line 677, in send
    raise ConnectionError(e, request=request)
requests.exceptions.ConnectionError: HTTPSConnectionPool(host='api.massive.com', port=443): Max retries exceeded with url: /v2/aggs/ticker/XLE/range/1/day/2025-05-09/2026-07-03?adjusted=true&sort=asc&limit=50000 (Caused by NameResolutionError("HTTPSConnection(host='api.massive.com', port=443): Failed to resolve 'api.massive.com' ([Errno 11001] getaddrinfo failed)"))
> python commodity_cockpit.py --last 2026-07-03
Traceback (most recent call last):
  File "C:\SHOPPA\shoppafund-site\deploy.py", line 59, in <module>
    main()
    ~~~~^^
  File "C:\SHOPPA\shoppafund-site\deploy.py", line 37, in main
    run(["python", "commodity_cockpit.py", "--last", last], LP)
    ~~~^^^^^^^^^^^^^^^^^^^^^^^^^^^^^^^^^^^^^^^^^^^^^^^^^^^^^^^^
  File "C:\SHOPPA\shoppafund-site\deploy.py", line 31, in run
    return subprocess.run(cmd, cwd=cwd, check=check)
           ~~~~~~~~~~~~~~^^^^^^^^^^^^^^^^^^^^^^^^^^^
  File "C:\Users\dptay\AppData\Local\Programs\Python\Python313\Lib\subprocess.py", line 577, in run
    raise CalledProcessError(retcode, process.args,
                             output=stdout, stderr=stderr)
subprocess.CalledProcessError: Command '['python', 'commodity_cockpit.py', '--last', '2026-07-03']' returned non-zero exit status 1.
  Steel               SLX  mix   -7.2%RS  dec-0.11  flow$  -0.6M  vol  28%  wt   7%
  Nat Gas             UNG  mix  -10.0%RS  dec+0.53  flow$  +0.8M  vol  37%  wt   5%
  Solar/transition    TAN  mix  -12.3%RS  dec+0.07  flow$  -2.4M  vol  44%  wt   4%
  Agriculture         DBA   up  -12.5%RS  dec+0.41  flow$  +0.9M  vol  13%  wt  14%
  Lithium             LIT  mix  -12.5%RS  dec+0.13  flow$  -8.7M  vol  35%  wt   5%
  Copper             COPX  mix  -16.2%RS  dec-0.01  flow$ -11.6M  vol  54%  wt   3%
  Metals & mining     XME  mix  -20.5%RS  dec-0.03  flow$  +0.3M  vol  39%  wt   5%
  Broad commodities   DBC  mix  -20.7%RS  dec+0.79  flow$ -17.9M  vol  21%  wt   9%
  Rare earth         REMX  mix  -21.8%RS  dec+0.08  flow$  -2.8M  vol  50%  wt   4%
  Energy (broad)      XLE  mix  -21.9%RS  dec+0.21  flow$-376.5M  vol  25%  wt   7%
  Oil E&P             XOP  mix  -25.6%RS  dec+0.39  flow$ +37.1M  vol  32%  wt   6%
  Potash/Fertilizer   NTR  mix  -27.3%RS  dec+0.65  flow$  -1.4M  vol  31%  wt   6%
  Uranium             URA   dn  -27.6%RS  dec+0.01  flow$  -5.1M  vol  54%  wt   3%
  Palladium          PALL   dn  -28.4%RS  dec-0.12  flow$  +0.3M  vol  42%  wt   4%
  Silver miners      SILJ  mix  -30.2%RS  dec+0.12  flow$ -13.3M  vol  59%  wt   3%
  Platinum           PPLT   dn  -30.9%RS  dec-0.05  flow$  +2.2M  vol  40%  wt   5%
  Gold miners        GDXJ   dn  -31.9%RS  dec+0.07  flow$ -19.8M  vol  56%  wt   3%
  Aluminum             AA  mix  -44.5%RS  dec+0.11  flow$  +5.8M  vol  57%  wt   3%
  Coal                BTU   dn  -44.8%RS  dec+0.64  flow$  +5.4M  vol  57%  wt   3%
-> wrote commodity_cockpit.html
📊 Commodity cockpit 2026-06-12: leaders Steel, Lithium, Solar/transition | regime decoupled (-0.20)
  (no changes since last run)
warning: in the working copy of 'deploy.log', LF will be replaced by CRLF the next time Git touches it
[main 4e9803e] auto: refresh 2026-07-07
 2 files changed, 130 insertions(+), 4 deletions(-)
To https://github.com/shoppafund/shoppafund.github.io.git
   87be5db..4e9803e  main -> main
> python commodity_cockpit.py --last 2026-07-07
> python cockpit_alerts.py
> git add -A
> git push origin main

Live: https://shoppafund.github.io/  (refreshed 2026-07-07)
Traceback (most recent call last):
  File "C:\Users\dptay\AppData\Local\Programs\Python\Python313\Lib\site-packages\urllib3\connection.py", line 204, in _new_conn
    sock = connection.create_connection(
        (self._dns_host, self.port),
    ...<2 lines>...
        socket_options=self.socket_options,
    )
  File "C:\Users\dptay\AppData\Local\Programs\Python\Python313\Lib\site-packages\urllib3\util\connection.py", line 60, in create_connection
    for res in socket.getaddrinfo(host, port, family, socket.SOCK_STREAM):
               ~~~~~~~~~~~~~~~~~~^^^^^^^^^^^^^^^^^^^^^^^^^^^^^^^^^^^^^^^^
  File "C:\Users\dptay\AppData\Local\Programs\Python\Python313\Lib\socket.py", line 977, in getaddrinfo
    for res in _socket.getaddrinfo(host, port, family, type, proto, flags):
               ~~~~~~~~~~~~~~~~~~~^^^^^^^^^^^^^^^^^^^^^^^^^^^^^^^^^^^^^^^^
socket.gaierror: [Errno 11001] getaddrinfo failed

The above exception was the direct cause of the following exception:

Traceback (most recent call last):
  File "C:\Users\dptay\AppData\Local\Programs\Python\Python313\Lib\site-packages\urllib3\connectionpool.py", line 787, in urlopen
    response = self._make_request(
        conn,
    ...<10 lines>...
        **response_kw,
    )
  File "C:\Users\dptay\AppData\Local\Programs\Python\Python313\Lib\site-packages\urllib3\connectionpool.py", line 488, in _make_request
    raise new_e
  File "C:\Users\dptay\AppData\Local\Programs\Python\Python313\Lib\site-packages\urllib3\connectionpool.py", line 464, in _make_request
    self._validate_conn(conn)
    ~~~~~~~~~~~~~~~~~~~^^^^^^
  File "C:\Users\dptay\AppData\Local\Programs\Python\Python313\Lib\site-packages\urllib3\connectionpool.py", line 1093, in _validate_conn
    conn.connect()
    ~~~~~~~~~~~~^^
  File "C:\Users\dptay\AppData\Local\Programs\Python\Python313\Lib\site-packages\urllib3\connection.py", line 759, in connect
    self.sock = sock = self._new_conn()
                       ~~~~~~~~~~~~~~^^
  File "C:\Users\dptay\AppData\Local\Programs\Python\Python313\Lib\site-packages\urllib3\connection.py", line 211, in _new_conn
    raise NameResolutionError(self.host, self, e) from e
urllib3.exceptions.NameResolutionError: HTTPSConnection(host='api.massive.com', port=443): Failed to resolve 'api.massive.com' ([Errno 11001] getaddrinfo failed)

The above exception was the direct cause of the following exception:

Traceback (most recent call last):
  File "C:\Users\dptay\AppData\Local\Programs\Python\Python313\Lib\site-packages\requests\adapters.py", line 644, in send
    resp = conn.urlopen(
        method=request.method,
    ...<9 lines>...
        chunked=chunked,
    )
  File "C:\Users\dptay\AppData\Local\Programs\Python\Python313\Lib\site-packages\urllib3\connectionpool.py", line 841, in urlopen
    retries = retries.increment(
        method, url, error=new_e, _pool=self, _stacktrace=sys.exc_info()[2]
    )
  File "C:\Users\dptay\AppData\Local\Programs\Python\Python313\Lib\site-packages\urllib3\util\retry.py", line 535, in increment
    raise MaxRetryError(_pool, url, reason) from reason  # type: ignore[arg-type]
    ^^^^^^^^^^^^^^^^^^^^^^^^^^^^^^^^^^^^^^^^^^^^^^^^^^^
urllib3.exceptions.MaxRetryError: HTTPSConnectionPool(host='api.massive.com', port=443): Max retries exceeded with url: /v2/aggs/ticker/XLE/range/1/day/2025-05-15/2026-07-09?adjusted=true&sort=asc&limit=50000 (Caused by NameResolutionError("HTTPSConnection(host='api.massive.com', port=443): Failed to resolve 'api.massive.com' ([Errno 11001] getaddrinfo failed)"))

During handling of the above exception, another exception occurred:

Traceback (most recent call last):
  File "C:\SHOPPA\Liquidity Print Map\commodity_cockpit.py", line 218, in <module>
    main()
    ~~~~^^
  File "C:\SHOPPA\Liquidity Print Map\commodity_cockpit.py", line 74, in main
    bars = {n: daily_bars(sess, t, start, end_s) for n, t in allt.items()}
               ~~~~~~~~~~^^^^^^^^^^^^^^^^^^^^^^^
  File "C:\SHOPPA\Liquidity Print Map\commodity_cockpit.py", line 43, in daily_bars
    r = sess.get(url, params={"adjusted": "true", "sort": "asc", "limit": 50000}, timeout=30)
  File "C:\Users\dptay\AppData\Local\Programs\Python\Python313\Lib\site-packages\requests\sessions.py", line 602, in get
    return self.request("GET", url, **kwargs)
           ~~~~~~~~~~~~^^^^^^^^^^^^^^^^^^^^^^
  File "C:\Users\dptay\AppData\Local\Programs\Python\Python313\Lib\site-packages\requests\sessions.py", line 589, in request
    resp = self.send(prep, **send_kwargs)
  File "C:\Users\dptay\AppData\Local\Programs\Python\Python313\Lib\site-packages\requests\sessions.py", line 703, in send
    r = adapter.send(request, **kwargs)
  File "C:\Users\dptay\AppData\Local\Programs\Python\Python313\Lib\site-packages\requests\adapters.py", line 677, in send
    raise ConnectionError(e, request=request)
requests.exceptions.ConnectionError: HTTPSConnectionPool(host='api.massive.com', port=443): Max retries exceeded with url: /v2/aggs/ticker/XLE/range/1/day/2025-05-15/2026-07-09?adjusted=true&sort=asc&limit=50000 (Caused by NameResolutionError("HTTPSConnection(host='api.massive.com', port=443): Failed to resolve 'api.massive.com' ([Errno 11001] getaddrinfo failed)"))
> python commodity_cockpit.py --last 2026-07-09
Traceback (most recent call last):
  File "C:\SHOPPA\shoppafund-site\deploy.py", line 59, in <module>
    main()
    ~~~~^^
  File "C:\SHOPPA\shoppafund-site\deploy.py", line 37, in main
    run(["python", "commodity_cockpit.py", "--last", last], LP)
    ~~~^^^^^^^^^^^^^^^^^^^^^^^^^^^^^^^^^^^^^^^^^^^^^^^^^^^^^^^^
  File "C:\SHOPPA\shoppafund-site\deploy.py", line 31, in run
    return subprocess.run(cmd, cwd=cwd, check=check)
           ~~~~~~~~~~~~~~^^^^^^^^^^^^^^^^^^^^^^^^^^^
  File "C:\Users\dptay\AppData\Local\Programs\Python\Python313\Lib\subprocess.py", line 577, in run
    raise CalledProcessError(retcode, process.args,
                             output=stdout, stderr=stderr)
subprocess.CalledProcessError: Command '['python', 'commodity_cockpit.py', '--last', '2026-07-09']' returned non-zero exit status 1.
  Agriculture         DBA   up   -7.7%RS  dec+0.40  flow$  -7.6M  vol  13%  wt  14%
  Steel               SLX  mix  -10.0%RS  dec-0.12  flow$  -1.3M  vol  27%  wt   7%
  Solar/transition    TAN  mix  -10.6%RS  dec+0.08  flow$  +8.8M  vol  44%  wt   4%
  Nat Gas             UNG   dn  -13.6%RS  dec+0.50  flow$  -1.6M  vol  39%  wt   5%
  Energy (broad)      XLE  mix  -15.0%RS  dec+0.23  flow$ -99.4M  vol  24%  wt   8%
  Broad commodities   DBC  mix  -15.2%RS  dec+0.78  flow$ +20.7M  vol  21%  wt   9%
  Oil E&P             XOP  mix  -16.5%RS  dec+0.42  flow$ -14.4M  vol  31%  wt   6%
  Lithium             LIT  mix  -16.8%RS  dec+0.13  flow$  -2.1M  vol  34%  wt   5%
  Copper             COPX  mix  -17.2%RS  dec-0.01  flow$ -17.2M  vol  53%  wt   3%
  Metals & mining     XME  mix  -19.0%RS  dec-0.03  flow$ -48.1M  vol  39%  wt   5%
  Potash/Fertilizer   NTR  mix  -21.1%RS  dec+0.54  flow$  +0.9M  vol  32%  wt   6%
  Rare earth         REMX  mix  -25.5%RS  dec+0.05  flow$ -11.3M  vol  49%  wt   4%
  Uranium             URA   dn  -26.7%RS  dec-0.01  flow$  -6.9M  vol  52%  wt   3%
  Coal                BTU   dn  -26.7%RS  dec+0.66  flow$  +5.6M  vol  54%  wt   3%
  Palladium          PALL   dn  -29.6%RS  dec-0.10  flow$  -0.1M  vol  40%  wt   4%
  Silver miners      SILJ   dn  -30.0%RS  dec+0.07  flow$  -7.6M  vol  60%  wt   3%
  Gold miners        GDXJ   dn  -33.7%RS  dec+0.03  flow$ -15.6M  vol  56%  wt   3%
  Platinum           PPLT   dn  -33.9%RS  dec-0.07  flow$  +0.5M  vol  39%  wt   5%
  Aluminum             AA  mix  -44.6%RS  dec+0.15  flow$ +20.9M  vol  57%  wt   3%
-> wrote commodity_cockpit.html
📊 Commodity cockpit 2026-06-12: leaders Steel, Lithium, Solar/transition | regime decoupled (-0.20)
  (no changes since last run)
warning: in the working copy of 'deploy.log', LF will be replaced by CRLF the next time Git touches it
[main 281b1fa] auto: refresh 2026-07-10
 2 files changed, 130 insertions(+), 4 deletions(-)
To https://github.com/shoppafund/shoppafund.github.io.git
   4e9803e..281b1fa  main -> main
> python commodity_cockpit.py --last 2026-07-10
> python cockpit_alerts.py
> git add -A
> git push origin main

Live: https://shoppafund.github.io/  (refreshed 2026-07-10)
  Agriculture         DBA   up   -7.7%RS  dec+0.40  flow$  -7.6M  vol  13%  wt  14%
  Steel               SLX  mix  -10.0%RS  dec-0.12  flow$  -1.3M  vol  27%  wt   7%
  Solar/transition    TAN  mix  -10.6%RS  dec+0.08  flow$  +8.8M  vol  44%  wt   4%
  Nat Gas             UNG   dn  -13.6%RS  dec+0.50  flow$  -1.6M  vol  39%  wt   5%
  Energy (broad)      XLE  mix  -15.0%RS  dec+0.23  flow$ -99.4M  vol  24%  wt   8%
  Broad commodities   DBC  mix  -15.2%RS  dec+0.78  flow$ +20.7M  vol  21%  wt   9%
  Oil E&P             XOP  mix  -16.5%RS  dec+0.42  flow$ -14.4M  vol  31%  wt   6%
  Lithium             LIT  mix  -16.8%RS  dec+0.13  flow$  -2.1M  vol  34%  wt   5%
  Copper             COPX  mix  -17.2%RS  dec-0.01  flow$ -17.2M  vol  53%  wt   3%
  Metals & mining     XME  mix  -19.0%RS  dec-0.03  flow$ -48.1M  vol  39%  wt   5%
  Potash/Fertilizer   NTR  mix  -21.1%RS  dec+0.54  flow$  +0.9M  vol  32%  wt   6%
  Rare earth         REMX  mix  -25.5%RS  dec+0.05  flow$ -11.3M  vol  49%  wt   4%
  Uranium             URA   dn  -26.7%RS  dec-0.01  flow$  -6.9M  vol  52%  wt   3%
  Coal                BTU   dn  -26.7%RS  dec+0.66  flow$  +5.6M  vol  54%  wt   3%
  Palladium          PALL   dn  -29.6%RS  dec-0.10  flow$  -0.1M  vol  40%  wt   4%
  Silver miners      SILJ   dn  -30.0%RS  dec+0.07  flow$  -7.6M  vol  60%  wt   3%
  Gold miners        GDXJ   dn  -33.7%RS  dec+0.03  flow$ -15.6M  vol  56%  wt   3%
  Platinum           PPLT   dn  -33.9%RS  dec-0.07  flow$  +0.5M  vol  39%  wt   5%
  Aluminum             AA  mix  -44.6%RS  dec+0.15  flow$ +20.9M  vol  57%  wt   3%
-> wrote commodity_cockpit.html
📊 Commodity cockpit 2026-06-12: leaders Steel, Lithium, Solar/transition | regime decoupled (-0.20)
  (no changes since last run)
warning: in the working copy of 'deploy.log', LF will be replaced by CRLF the next time Git touches it
[main e1ac8eb] auto: refresh 2026-07-10
 1 file changed, 33 insertions(+)
To https://github.com/shoppafund/shoppafund.github.io.git
   281b1fa..e1ac8eb  main -> main
> python commodity_cockpit.py --last 2026-07-10
> python cockpit_alerts.py
> git add -A
> git push origin main

Live: https://shoppafund.github.io/  (refreshed 2026-07-10)
  Agriculture         DBA   up   -7.2%RS  dec+0.40  flow$  -7.0M  vol  13%  wt  14%
  Steel               SLX  mix   -9.5%RS  dec-0.16  flow$  -1.4M  vol  27%  wt   7%
  Energy (broad)      XLE   up  -10.6%RS  dec+0.22  flow$ -23.8M  vol  25%  wt   7%
  Broad commodities   DBC  mix  -10.9%RS  dec+0.69  flow$ +21.9M  vol  21%  wt   9%
  Oil E&P             XOP   up  -12.2%RS  dec+0.37  flow$ -10.1M  vol  32%  wt   6%
  Nat Gas             UNG   dn  -14.0%RS  dec+0.45  flow$  +2.0M  vol  39%  wt   5%
  Solar/transition    TAN  mix  -14.1%RS  dec+0.09  flow$  +7.5M  vol  44%  wt   4%
  Potash/Fertilizer   NTR  mix  -18.6%RS  dec+0.49  flow$  -0.8M  vol  32%  wt   6%
  Lithium             LIT  mix  -20.1%RS  dec+0.13  flow$  -0.9M  vol  34%  wt   5%
  Metals & mining     XME  mix  -20.4%RS  dec-0.03  flow$ -28.4M  vol  39%  wt   5%
  Copper             COPX  mix  -21.2%RS  dec-0.01  flow$ -19.8M  vol  53%  wt   3%
  Coal                BTU   dn  -26.8%RS  dec+0.60  flow$  +3.4M  vol  53%  wt   3%
  Palladium          PALL   dn  -28.5%RS  dec-0.08  flow$  -0.1M  vol  40%  wt   5%
  Rare earth         REMX  mix  -29.6%RS  dec+0.06  flow$  -9.0M  vol  50%  wt   4%
  Uranium             URA   dn  -30.4%RS  dec-0.03  flow$  -6.5M  vol  53%  wt   3%
  Silver miners      SILJ   dn  -31.7%RS  dec+0.09  flow$  +2.5M  vol  60%  wt   3%
  Platinum           PPLT   dn  -32.3%RS  dec-0.09  flow$  -0.8M  vol  39%  wt   5%
  Gold miners        GDXJ   dn  -36.2%RS  dec+0.05  flow$ -18.9M  vol  57%  wt   3%
  Aluminum             AA  mix  -43.5%RS  dec+0.15  flow$ +16.2M  vol  57%  wt   3%
-> wrote commodity_cockpit.html
📊 Commodity cockpit 2026-06-12: leaders Steel, Lithium, Solar/transition | regime decoupled (-0.20)
  (no changes since last run)
warning: in the working copy of 'deploy.log', LF will be replaced by CRLF the next time Git touches it
[main 96053aa] auto: refresh 2026-07-13
 2 files changed, 37 insertions(+), 4 deletions(-)
To https://github.com/shoppafund/shoppafund.github.io.git
   e1ac8eb..96053aa  main -> main
> python commodity_cockpit.py --last 2026-07-13
> python cockpit_alerts.py
> git add -A
> git push origin main

Live: https://shoppafund.github.io/  (refreshed 2026-07-13)
  Energy (broad)      XLE   up   -5.0%RS  dec+0.20  flow$ -82.7M  vol  25%  wt   8%
  Agriculture         DBA   up   -5.7%RS  dec+0.41  flow$  -9.1M  vol  13%  wt  14%
  Oil E&P             XOP   up   -5.9%RS  dec+0.36  flow$  -0.1M  vol  32%  wt   6%
  Steel               SLX  mix   -6.7%RS  dec-0.15  flow$  -0.8M  vol  27%  wt   7%
  Broad commodities   DBC  mix   -8.7%RS  dec+0.70  flow$  -3.7M  vol  21%  wt   9%
  Nat Gas             UNG   dn   -8.8%RS  dec+0.38  flow$  +8.7M  vol  39%  wt   5%
  Solar/transition    TAN  mix   -9.3%RS  dec+0.14  flow$  +4.6M  vol  45%  wt   4%
  Potash/Fertilizer   NTR  mix  -15.8%RS  dec+0.51  flow$  +6.5M  vol  32%  wt   6%
  Copper             COPX  mix  -20.5%RS  dec-0.03  flow$  -0.2M  vol  54%  wt   3%
  Lithium             LIT  mix  -20.8%RS  dec+0.15  flow$  +3.2M  vol  35%  wt   5%
  Metals & mining     XME  mix  -21.7%RS  dec+0.02  flow$ -19.8M  vol  40%  wt   5%
  Coal                BTU   dn  -26.6%RS  dec+0.78  flow$  +0.7M  vol  54%  wt   3%
  Palladium          PALL   dn  -27.1%RS  dec-0.09  flow$  -1.1M  vol  41%  wt   4%
  Platinum           PPLT   dn  -31.0%RS  dec-0.10  flow$  +1.4M  vol  40%  wt   5%
  Rare earth         REMX  mix  -32.1%RS  dec+0.12  flow$ -10.2M  vol  50%  wt   4%
  Silver miners      SILJ   dn  -32.6%RS  dec+0.07  flow$  +4.4M  vol  60%  wt   3%
  Gold miners        GDXJ   dn  -35.6%RS  dec+0.05  flow$ -12.7M  vol  57%  wt   3%
  Uranium             URA   dn  -35.9%RS  dec-0.00  flow$  -6.1M  vol  53%  wt   3%
  Aluminum             AA  mix  -40.7%RS  dec+0.26  flow$  -0.6M  vol  57%  wt   3%
-> wrote commodity_cockpit.html
📊 Commodity cockpit 2026-06-12: leaders Steel, Lithium, Solar/transition | regime decoupled (-0.20)
  (no changes since last run)
warning: in the working copy of 'deploy.log', LF will be replaced by CRLF the next time Git touches it
[main 7fcb5d6] auto: refresh 2026-07-16
 2 files changed, 37 insertions(+), 4 deletions(-)
To https://github.com/shoppafund/shoppafund.github.io.git
   96053aa..7fcb5d6  main -> main
> python commodity_cockpit.py --last 2026-07-16
> python cockpit_alerts.py
> git add -A
> git push origin main

Live: https://shoppafund.github.io/  (refreshed 2026-07-16)
